server/handlers/SpectatorManagement/listActiveMatches.ts(1,20): error TS2305: Module '"../../types/GameType.js"' has no exported member 'MatchSummary'.
server/handlers/SpectatorManagement/listActiveMatches.ts(8,25): error TS2339: Property 'getMatchSummary' does not exist on type 'GameType'.
